FAILED tests/snippet_tests_working/test_snippets_batch_12.py::test_installation_lines_37_40_9
FAILED tests/snippet_tests_working/test_snippets_batch_15.py::test_your_first_pipeline_lines_122_143_0
FAILED tests/snippet_tests_working/test_snippets_batch_15.py::test_your_first_pipeline_lines_151_181_1
FAILED tests/snippet_tests_working/test_snippets_batch_15.py::test_your_first_pipeline_lines_189_214_2
FAILED tests/snippet_tests_working/test_snippets_batch_15.py::test_your_first_pipeline_lines_260_281_4
FAILED tests/snippet_tests_working/test_snippets_batch_15.py::test_your_first_pipeline_lines_321_351_6
FAILED tests/snippet_tests_working/test_snippets_batch_16.py::test_notebooks_lines_112_130_2
FAILED tests/snippet_tests_working/test_snippets_batch_16.py::test_notebooks_lines_221_234_4
FAILED tests/snippet_tests_working/test_snippets_batch_16.py::test_notebooks_lines_319_324_7
FAILED tests/snippet_tests_working/test_snippets_batch_16.py::test_notebooks_lines_334_336_9
FAILED tests/snippet_tests_working/test_snippets_batch_16.py::test_notebooks_lines_55_64_0
FAILED tests/snippet_tests_working/test_snippets_batch_22.py::test_concepts_lines_223_227_3
FAILED tests/snippet_tests_working/test_snippets_batch_24.py::test_installation_lines_34_41_5
FAILED tests/snippet_tests_working/test_snippets_batch_24.py::test_installation_lines_47_53_6
FAILED tests/snippet_tests_working/test_snippets_batch_24.py::test_installation_lines_72_85_8
FAILED tests/snippet_tests_working/test_snippets_batch_25.py::test_installation_lines_161_169_4
FAILED tests/snippet_tests_working/test_snippets_batch_30.py::test_tutorial_data_processing_lines_1099_1104_1
FAILED tests/snippet_tests_working/test_snippets_batch_31.py::test_tutorial_web_research_lines_854_879_1
FAILED tests/snippet_tests_working/test_snippets_batch_31.py::test_tutorial_web_research_lines_887_892_2
FAILED tests/snippet_tests_working/test_snippets_batch_32.py::test_yaml_pipelines_lines_340_359_2
FAILED tests/snippet_tests_working/test_snippets_batch_8.py::test_README_lines_57_64_6
FAILED tests/snippet_tests_working/test_snippets_batch_9.py::test_phase2_completion_summary_lines_145_151_9
FAILED tests/snippet_tests_working/test_snippets_batch_9.py::test_README_lines_168_169_3
tests/snippet_tests_working/test_snippets_batch_12.py::test_installation_lines_37_40_9 FAILED [ 12%]
tests/snippet_tests_working/test_snippets_batch_15.py::test_your_first_pipeline_lines_122_143_0 FAILED [ 18%]
tests/snippet_tests_working/test_snippets_batch_15.py::test_your_first_pipeline_lines_151_181_1 FAILED [ 19%]
tests/snippet_tests_working/test_snippets_batch_15.py::test_your_first_pipeline_lines_189_214_2 FAILED [ 19%]
tests/snippet_tests_working/test_snippets_batch_15.py::test_your_first_pipeline_lines_260_281_4 FAILED [ 20%]
tests/snippet_tests_working/test_snippets_batch_15.py::test_your_first_pipeline_lines_321_351_6 FAILED [ 20%]
tests/snippet_tests_working/test_snippets_batch_16.py::test_notebooks_lines_112_130_2 FAILED [ 22%]
tests/snippet_tests_working/test_snippets_batch_16.py::test_notebooks_lines_221_234_4 FAILED [ 23%]
tests/snippet_tests_working/test_snippets_batch_16.py::test_notebooks_lines_319_324_7 FAILED [ 24%]
tests/snippet_tests_working/test_snippets_batch_16.py::test_notebooks_lines_334_336_9 FAILED [ 24%]
tests/snippet_tests_working/test_snippets_batch_16.py::test_notebooks_lines_55_64_0 FAILED [ 21%]
tests/snippet_tests_working/test_snippets_batch_22.py::test_concepts_lines_223_227_3 FAILED [ 44%]
tests/snippet_tests_working/test_snippets_batch_24.py::test_installation_lines_34_41_5 FAILED [ 51%]
tests/snippet_tests_working/test_snippets_batch_24.py::test_installation_lines_47_53_6 FAILED [ 51%]
tests/snippet_tests_working/test_snippets_batch_24.py::test_installation_lines_72_85_8 FAILED [ 52%]
tests/snippet_tests_working/test_snippets_batch_25.py::test_installation_lines_161_169_4 FAILED [ 54%]
tests/snippet_tests_working/test_snippets_batch_30.py::test_tutorial_data_processing_lines_1099_1104_1 FAILED [ 71%]
tests/snippet_tests_working/test_snippets_batch_31.py::test_tutorial_web_research_lines_854_879_1 FAILED [ 74%]
tests/snippet_tests_working/test_snippets_batch_31.py::test_tutorial_web_research_lines_887_892_2 FAILED [ 75%]
tests/snippet_tests_working/test_snippets_batch_32.py::test_yaml_pipelines_lines_340_359_2 FAILED [ 78%]
tests/snippet_tests_working/test_snippets_batch_8.py::test_README_lines_57_64_6 FAILED [ 95%]
tests/snippet_tests_working/test_snippets_batch_9.py::test_phase2_completion_summary_lines_145_151_9 FAILED [100%]
tests/snippet_tests_working/test_snippets_batch_9.py::test_README_lines_168_169_3 FAILED [ 98%]
